------------------------------------------------------------
TimeQuest Timing Analyzer Summary
------------------------------------------------------------

Type  : Slow 1200mV 85C Model Setup 'sweetPLL_inst|altpll_component|auto_generated|pll1|clk[1]'
Slack : 36.763
TNS   : 0.000

Type  : Slow 1200mV 85C Model Hold 'sweetPLL_inst|altpll_component|auto_generated|pll1|clk[1]'
Slack : 0.519
TNS   : 0.000

Type  : Slow 1200mV 85C Model Minimum Pulse Width 'CLOCK_50'
Slack : 9.747
TNS   : 0.000

Type  : Slow 1200mV 85C Model Minimum Pulse Width 'sweetPLL_inst|altpll_component|auto_generated|pll1|clk[1]'
Slack : 19.746
TNS   : 0.000

Type  : Slow 1200mV 0C Model Setup 'sweetPLL_inst|altpll_component|auto_generated|pll1|clk[1]'
Slack : 37.069
TNS   : 0.000

Type  : Slow 1200mV 0C Model Hold 'sweetPLL_inst|altpll_component|auto_generated|pll1|clk[1]'
Slack : 0.466
TNS   : 0.000

Type  : Slow 1200mV 0C Model Minimum Pulse Width 'CLOCK_50'
Slack : 9.709
TNS   : 0.000

Type  : Slow 1200mV 0C Model Minimum Pulse Width 'sweetPLL_inst|altpll_component|auto_generated|pll1|clk[1]'
Slack : 19.744
TNS   : 0.000

Type  : Fast 1200mV 0C Model Setup 'sweetPLL_inst|altpll_component|auto_generated|pll1|clk[1]'
Slack : 38.168
TNS   : 0.000

Type  : Fast 1200mV 0C Model Hold 'sweetPLL_inst|altpll_component|auto_generated|pll1|clk[1]'
Slack : 0.267
TNS   : 0.000

Type  : Fast 1200mV 0C Model Minimum Pulse Width 'CLOCK_50'
Slack : 9.416
TNS   : 0.000

Type  : Fast 1200mV 0C Model Minimum Pulse Width 'sweetPLL_inst|altpll_component|auto_generated|pll1|clk[1]'
Slack : 19.781
TNS   : 0.000

------------------------------------------------------------
